 enable_debug_mode 
-------------------
                 0
(1 row)

Timing is on.
 promo_revenue 
---------------
 0.000000
(1 row)

Time: 2881.092 ms (00:02.881)
