 enable_debug_mode 
-------------------
                 0
(1 row)

Timing is on.
  avg_yearly  
--------------
 32008.212891
(1 row)

Time: 5528.212 ms (00:05.528)
