 enable_debug_mode 
-------------------
                 0
(1 row)

Timing is on.
    revenue    
---------------
 457824.500000
(1 row)

Time: 22411.122 ms (00:22.411)
