 enable_debug_mode 
-------------------
                 0
(1 row)

Timing is on.
 s_name | s_address 
--------+-----------
(0 rows)

Time: 5812.516 ms (00:05.813)
