 enable_debug_mode 
-------------------
                 0
(1 row)

Timing is on.
 nation | o_year | sum_profit 
--------+--------+------------
(0 rows)

Time: 33304.740 ms (00:33.305)
