 enable_debug_mode 
-------------------
                 0
(1 row)

Timing is on.
     revenue     
-----------------
 15395828.000000
(1 row)

Time: 8572.878 ms (00:08.573)
