 enable_debug_mode 
-------------------
                 0
(1 row)

Timing is on.
 l_returnflag | l_linestatus |  sum_qty   | sum_base_price | sum_disc_price  |     sum_charge     |       avg_qty       |     avg_price      |        avg_disc        | count_order 
--------------+--------------+------------+----------------+-----------------+--------------------+---------------------+--------------------+------------------------+-------------
 A            | F            | 3774200.00 |  5320753880.69 | 5054096266.6828 |  5256751331.449234 | 25.5375871168549970 | 36002.123829014142 | 0.05014459706340077136 |      147790
 N            | F            |   95257.00 |   133737795.84 |  127132372.6512 |   132286291.229445 | 25.3006640106241700 | 35521.326916334661 | 0.04939442231075697211 |        3765
 N            | O            | 7279427.00 | 10258340847.66 | 9744885499.3198 | 10134472587.067708 | 25.5464205875437359 | 36000.620629165219 | 0.05010710688579359815 |      284949
 R            | F            | 3785523.00 |  5337950526.47 | 5071818532.9420 |  5274405503.049367 | 25.5259438574251017 | 35994.029214030924 | 0.04998927856184381764 |      148301
(4 rows)

Time: 5444.117 ms (00:05.444)
