 enable_debug_mode 
-------------------
                 0
(1 row)

Timing is on.
     avg_yearly     
--------------------
 32008.210000000000
(1 row)

Time: 1919.588 ms (00:01.920)
