 enable_debug_mode 
-------------------
                 0
(1 row)

Timing is on.
   revenue   
-------------
 457824.5601
(1 row)

Time: 535.311 ms
