 enable_debug_mode 
-------------------
                 0
(1 row)

Timing is on.
 cntrycode | numcust | totacctbal 
-----------+---------+------------
(0 rows)

Time: 204.244 ms
