 enable_debug_mode 
-------------------
                 0
(1 row)

Timing is on.
        supp_nation        |        cust_nation        | l_year |   revenue    
---------------------------+---------------------------+--------+--------------
 CHINA                     | JAPAN                     |   1995 | 6618805.7402
 CHINA                     | JAPAN                     |   1996 | 6550478.8525
 JAPAN                     | CHINA                     |   1995 | 5894130.6333
 JAPAN                     | CHINA                     |   1996 | 4838692.6060
(4 rows)

Time: 1516.639 ms (00:01.517)
