 enable_debug_mode 
-------------------
                 0
(1 row)

Timing is on.
 o_year |       mkt_share        
--------+------------------------
   1995 | 0.08437578003478498723
   1996 | 0.06322422768902179893
(2 rows)

Time: 2310.596 ms (00:02.311)
