 enable_debug_mode 
-------------------
                 0
(1 row)

Timing is on.
 l_returnflag | l_linestatus |    sum_qty     |   sum_base_price   |  sum_disc_price   |     sum_charge     |  avg_qty  |  avg_price   | avg_disc | count_order 
--------------+--------------+----------------+--------------------+-------------------+--------------------+-----------+--------------+----------+-------------
 A            | F            | 3774200.000000 | 5320728064.000000  | 5054121984.000000 | 5256737792.000000  | 25.537586 | 36001.949219 | 0.050131 |      147790
 N            | F            | 95257.000000   | 133737592.000000   | 127132288.000000  | 132286072.000000   | 25.300665 | 35521.273438 | 0.049394 |        3765
 N            | O            | 7279427.000000 | 10258255872.000000 | 9744858112.000000 | 10134364160.000000 | 25.546421 | 36000.324219 | 0.050051 |      284949
 R            | F            | 3785523.000000 | 5337949696.000000  | 5071819264.000000 | 5274416640.000000  | 25.525944 | 35994.023438 | 0.049976 |      148301
(4 rows)

Time: 162507.456 ms (02:42.507)
