 enable_debug_mode 
-------------------
                 0
(1 row)

Timing is on.
 nation | o_year | sum_profit 
--------+--------+------------
(0 rows)

Time: 89439.956 ms (01:29.440)
