 enable_debug_mode 
-------------------
                 0
(1 row)

Timing is on.
 cntrycode | numcust |  totacctbal   
-----------+---------+---------------
 10        |      94 | 726864.375000
 14        |      99 | 749651.625000
 22        |     106 | 759804.750000
 26        |      85 | 660011.937500
 28        |      95 | 735049.250000
 30        |      87 | 646748.000000
 33        |      98 | 738833.187500
(7 rows)

Time: 6262.554 ms (00:06.263)
