 enable_debug_mode 
-------------------
                 0
(1 row)

Timing is on.
     revenue     
-----------------
 15395828.000000
(1 row)

Time: 28693.599 ms (00:28.694)
