 enable_debug_mode 
-------------------
                 0
(1 row)

Timing is on.
 supp_nation | cust_nation | l_year |    revenue     
-------------+-------------+--------+----------------
 CHINA       | JAPAN       |   1995 | 6618805.500000
 CHINA       | JAPAN       |   1996 | 6550478.500000
 JAPAN       | CHINA       |   1995 | 5894133.500000
 JAPAN       | CHINA       |   1996 | 4838694.000000
(4 rows)

Time: 32023.120 ms (00:32.023)
