 enable_debug_mode 
-------------------
                 0
(1 row)

Timing is on.
 nation | o_year | sum_profit 
--------+--------+------------
(0 rows)

Time: 128124.041 ms (02:08.124)
