 enable_debug_mode 
-------------------
                 0
(1 row)

Timing is on.
     revenue     
-----------------
 15395828.000000
(1 row)

Time: 9266.624 ms (00:09.267)
