 enable_debug_mode 
-------------------
                 0
(1 row)

Timing is on.
 o_year | mkt_share 
--------+-----------
   1995 | 0.084376
   1996 | 0.063224
(2 rows)

Time: 29450.544 ms (00:29.451)
