 enable_debug_mode 
-------------------
                 0
(1 row)

Timing is on.
  avg_yearly  
--------------
 32008.212891
(1 row)

Time: 5539.221 ms (00:05.539)
